         2 0 ACT0 0 0 0x0
         2 0 ACT1 0 0 0x0
         2 0  RD0 0 0 0x0
         2 0  RD1 0 0 0x0
         2 0  PRE 0 0
         4 0 ACT0 1 1 0x1
         4 0 ACT1 1 1 0x1
         4 0  WR0 1 1 0x3FF
         4 0  WR1 1 1 0x3FF
         4 0  PRE 1 1
         6 0 ACT0 2 2 0x2
         6 0 ACT1 2 2 0x2
         6 0  RD0 2 2 0x1E
         6 0  RD1 2 2 0x1E
         6 0  PRE 2 2
         8 0 ACT0 3 3 0x3
         8 0 ACT1 3 3 0x3
         8 0  RD0 3 3 0x2D
         8 0  RD1 3 3 0x2D
         8 0  PRE 3 3
        10 0 ACT0 4 0 0x4
        10 0 ACT1 4 0 0x4
        10 0  WR0 4 0 0x4C
        10 0  WR1 4 0 0x4C
        10 0  PRE 4 0
        12 0 ACT0 5 1 0x5
        12 0 ACT1 5 1 0x5
        12 0  RD0 5 1 0x8B
        12 0  RD1 5 1 0x8B
        12 0  PRE 5 1
        14 0 ACT0 6 2 0x6
        14 0 ACT1 6 2 0x6
        14 0  RD0 6 2 0x10A
        14 0  RD1 6 2 0x10A
        14 0  PRE 6 2
        16 0 ACT0 7 3 0x7
        16 0 ACT1 7 3 0x7
        16 0  WR0 7 3 0x209
        16 0  WR1 7 3 0x209
        16 0  PRE 7 3
        18 0 ACT0 0 0 0x8
        18 0 ACT1 0 0 0x8
        18 0  RD0 0 0 0x108
        18 0  RD1 0 0 0x108
        18 0  PRE 0 0
        20 0 ACT0 1 1 0x9
        20 0 ACT1 1 1 0x9
        20 0  RD0 1 1 0x87
        20 0  RD1 1 1 0x87
        20 0  PRE 1 1
        22 0 ACT0 2 2 0xA
        22 0 ACT1 2 2 0xA
        22 0  WR0 2 2 0x46
        22 0  WR1 2 2 0x46
        22 0  PRE 2 2
        24 0 ACT0 3 3 0xB
        24 0 ACT1 3 3 0xB
        24 0  RD0 3 3 0x25
        24 0  RD1 3 3 0x25
        24 0  PRE 3 3
        26 0 ACT0 4 0 0xC
        26 0 ACT1 4 0 0xC
        26 0  RD0 4 0 0x14
        26 0  RD1 4 0 0x14
        26 0  PRE 4 0
        28 0 ACT0 5 1 0xD
        28 0 ACT1 5 1 0xD
        28 0  WR0 5 1 0x3
        28 0  WR1 5 1 0x3
        28 0  PRE 5 1
        30 0 ACT0 6 2 0xE
        30 0 ACT1 6 2 0xE
        30 0  RD0 6 2 0x12
        30 0  RD1 6 2 0x12
        30 0  PRE 6 2
        32 0 ACT0 7 3 0xF
        32 0 ACT1 7 3 0xF
        32 0  RD0 7 3 0x21
        32 0  RD1 7 3 0x21
        32 0  PRE 7 3
        34 0 ACT0 0 0 0x10
        34 0 ACT1 0 0 0x10
        34 0  WR0 0 0 0x40
        34 0  WR1 0 0 0x40
        34 0  PRE 0 0
        36 0 ACT0 1 1 0x11
        36 0 ACT1 1 1 0x11
        36 0  RD0 1 1 0x8F
        36 0  RD1 1 1 0x8F
        36 0  PRE 1 1
        38 0 ACT0 2 2 0x12
        38 0 ACT1 2 2 0x12
        38 0  RD0 2 2 0x10E
        38 0  RD1 2 2 0x10E
        38 0  PRE 2 2
        40 0 ACT0 3 3 0x13
        40 0 ACT1 3 3 0x13
        40 0  WR0 3 3 0x20D
        40 0  WR1 3 3 0x20D
        40 0  PRE 3 3
        42 0 ACT0 4 0 0x14
        42 0 ACT1 4 0 0x14
        42 0  RD0 4 0 0x10C
        42 0  RD1 4 0 0x10C
        42 0  PRE 4 0
        44 0 ACT0 5 1 0x15
        44 0 ACT1 5 1 0x15
        44 0  RD0 5 1 0x8B
        44 0  RD1 5 1 0x8B
        44 0  PRE 5 1
        46 0 ACT0 6 2 0x16
        46 0 ACT1 6 2 0x16
        46 0  WR0 6 2 0x4A
        46 0  WR1 6 2 0x4A
        46 0  PRE 6 2
        48 0 ACT0 7 3 0x17
        48 0 ACT1 7 3 0x17
        48 0  RD0 7 3 0x29
        48 0  RD1 7 3 0x29
        48 0  PRE 7 3
        50 0 ACT0 0 0 0x18
        50 0 ACT1 0 0 0x18
        50 0  RD0 0 0 0x18
        50 0  RD1 0 0 0x18
        50 0  PRE 0 0
        52 0 ACT0 1 1 0x19
        52 0 ACT1 1 1 0x19
        52 0  WR0 1 1 0x7
        52 0  WR1 1 1 0x7
        52 0  PRE 1 1
        54 0 ACT0 2 2 0x1A
        54 0 ACT1 2 2 0x1A
        54 0  RD0 2 2 0x16
        54 0  RD1 2 2 0x16
        54 0  PRE 2 2
        56 0 ACT0 3 3 0x1B
        56 0 ACT1 3 3 0x1B
        56 0  RD0 3 3 0x25
        56 0  RD1 3 3 0x25
        56 0  PRE 3 3
        58 0 ACT0 4 0 0x1C
        58 0 ACT1 4 0 0x1C
        58 0  WR0 4 0 0x44
        58 0  WR1 4 0 0x44
        58 0  PRE 4 0
        60 0 ACT0 5 1 0x1D
        60 0 ACT1 5 1 0x1D
        60 0  RD0 5 1 0x83
        60 0  RD1 5 1 0x83
        60 0  PRE 5 1
        62 0 ACT0 6 2 0x1E
        62 0 ACT1 6 2 0x1E
        62 0  RD0 6 2 0x102
        62 0  RD1 6 2 0x102
        62 0  PRE 6 2
        64 0 ACT0 7 3 0x1F
        64 0 ACT1 7 3 0x1F
        64 0  WR0 7 3 0x201
        64 0  WR1 7 3 0x201
        64 0  PRE 7 3
        66 0 ACT0 0 0 0xFFFF
        66 0 ACT1 0 0 0xFFFF
        66 0  RD0 0 0 0x0
        66 0  RD1 0 0 0x0
        66 0  PRE 0 0
      1002 0 ACT0 0 0 0x0
      1002 0 ACT1 0 0 0x0
      1002 0  RD0 0 0 0x0
      1002 0  RD1 0 0 0x0
      1002 0  PRE 0 0
      1004 0 ACT0 1 1 0xFFFF
      1004 0 ACT1 1 1 0xFFFF
      1004 0  WR0 1 1 0x11
      1004 0  WR1 1 1 0x11
      1004 0  PRE 1 1
